Build Version: v3.8.1 RC2 (Steam) (2020-11-08 20:08:43 GMT)

Game ID: "13080957"
Game Started at 2021-11-28 20:09:49 GMT
Game Engine Version: 3.8
File Format Version: 3.7.3.0 - 3.8.1.7
Exported with Version: 3.8.1.7

Red:       "dt-Mablak" as "Ro Bad"  * (addr: 127.0.0.1)     (lang: English)    (build: v3.8.1 RC2 (Steam) [2020-11-08 20:08:43 GMT]) [Local Player]
Blue:      "NNN`Tade"  as "Croatia" * (addr: 127.0.0.1)     (lang: English)    (build: v3.8.1 RC2    (CD) [2020-11-08 20:08:42 GMT])
Spectator: "chuvash"                * (addr: 95.216.24.116) (lang: English)    (build: v3.8.1 RC2         [2020-11-08 20:08:44 GMT]) [Host]
Spectator: "Psykologi"              * (addr: 127.0.0.1)     (lang: English)    (build: v3.8.1 RC2 (Steam) [2020-11-08 20:08:43 GMT])
Spectator: "titaaa"                 * (addr: 127.0.0.1)     (lang: Portuguese) (build: v3.8 RC7   (Steam) [2020-06-22 05:43:49 GMT])
Spectator: "NNN`Kayz`Kf"            * (addr: 127.0.0.1)     (lang: English)    (build: v3.8.1 RC2    (CD) [2020-11-08 20:08:42 GMT])

[00:00:00.00] [chuvash] hf
[00:00:00.00] [NNN`Tade] hf
[00:00:00.00] ••• Ro Bad (dt-Mablak) starts turn
[00:00:00.78] [Psykologi] hf
[00:00:01.34] [dt-Mablak] hf
[00:00:02.38] [titaaa] hf
[00:00:02.64] [NNN`Kayz`Kf] hf
[00:00:24.42] ••• Ro Bad (dt-Mablak) fires Select Worm
[00:00:36.18] ••• Ro Bad (dt-Mablak) fires Low Gravity
[00:00:40.28] ••• Ro Bad (dt-Mablak) fires Parachute
[00:00:49.74] ••• Ro Bad (dt-Mablak) fires Mine
[00:00:54.92] ••• Ro Bad (dt-Mablak) ends turn; time used: 44.62 sec turn, 5.00 sec retreat
[00:01:06.02] ••• Damage dealt: 100 (1 kill) to Croatia (NNN`Tade)
[00:01:06.02] ••• Croatia (NNN`Tade) starts turn
[00:01:20.70] ••• Croatia (NNN`Tade) fires Select Worm
[00:01:46.82] ••• Croatia (NNN`Tade) fires Baseball Bat
[00:01:50.40] ••• Croatia (NNN`Tade) ends turn; time used: 35.74 sec turn, 3.00 sec retreat
[00:01:54.92] ••• Damage dealt: 100 (1 kill) to Ro Bad (dt-Mablak)
[00:01:54.92] ••• Ro Bad (dt-Mablak) starts turn
[00:02:27.04] ••• Ro Bad (dt-Mablak) fires Ninja Rope
[00:02:41.32] ••• Ro Bad (dt-Mablak) fires Dynamite
[00:02:46.50] ••• Ro Bad (dt-Mablak) ends turn; time used: 41.30 sec turn, 5.00 sec retreat
[00:02:54.62] ••• Damage dealt: 8 to Ro Bad (dt-Mablak), 100 (1 kill) to Croatia (NNN`Tade)
[00:02:54.62] ••• Croatia (NNN`Tade) starts turn
[00:03:38.86] ••• Croatia (NNN`Tade) fires Girder
[00:03:41.94] ••• Croatia (NNN`Tade) ends turn; time used: 39.24 sec turn, 3.00 sec retreat
[00:03:43.96] ••• Ro Bad (dt-Mablak) starts turn
[00:04:20.50] ••• Ro Bad (dt-Mablak) fires Shotgun
[00:04:34.42] ••• Ro Bad (dt-Mablak) fires Shotgun
[00:04:38.58] ••• Ro Bad (dt-Mablak) ends turn; time used: 43.36 sec turn, 3.00 sec retreat
[00:04:43.00] ••• Damage dealt: 25 to Croatia (NNN`Tade)
[00:04:43.00] ••• Croatia (NNN`Tade) starts turn
[00:04:54.78] ••• Croatia (NNN`Tade) fires Select Worm
[00:05:06.92] ••• Croatia (NNN`Tade) fires Ninja Rope
[00:05:22.70] [titaaa] trololol
[00:05:24.36] [dt-Mablak] hm bl
[00:05:30.56] ••• Croatia (NNN`Tade) fires Teleport
[00:05:33.04] ••• Croatia (NNN`Tade) ends turn; time used: 42.30 sec turn, 0.02 sec retreat
[00:05:35.06] ••• Ro Bad (dt-Mablak) starts turn
[00:05:56.92] ••• Ro Bad (dt-Mablak) fires Jet Pack
[00:06:03.86] ••• Ro Bad (dt-Mablak) used 27 units of Jet Pack fuel
[00:06:20.56] ••• Ro Bad (dt-Mablak) fires Baseball Bat
[00:06:24.14] ••• Ro Bad (dt-Mablak) ends turn; time used: 40.08 sec turn, 3.00 sec retreat
[00:06:28.84] ••• Damage dealt: 100 (1 kill) to Croatia (NNN`Tade)
[00:06:28.84] ••• Croatia (NNN`Tade) starts turn
[00:07:04.76] ••• Croatia (NNN`Tade) fires Battle Axe
[00:07:09.06] ••• Croatia (NNN`Tade) ends turn; time used: 30.92 sec turn, 3.00 sec retreat
[00:07:13.48] ••• Damage dealt: 50 to Ro Bad (dt-Mablak)
[00:07:13.48] ••• Ro Bad (dt-Mablak) starts turn
[00:07:45.48] ••• Ro Bad (dt-Mablak) fires Ninja Rope
[00:08:02.40] ••• Ro Bad (dt-Mablak) fires Skunk
[00:08:05.42] ••• Ro Bad (dt-Mablak) ends turn; time used: 43.64 sec turn, 3.00 sec retreat
[00:08:10.82] ••• Damage dealt: 5 to Croatia (NNN`Tade)
[00:08:10.82] ••• Croatia (NNN`Tade) starts turn
[00:08:16.08] [dt-Mablak] almost broke out, but nah
[00:08:55.48] ••• Croatia (NNN`Tade) fires Mine
[00:09:00.50] ••• Croatia (NNN`Tade) ends turn; time used: 40.82 sec turn, 5.00 sec retreat
[00:09:10.32] [Psykologi] nt
[00:09:11.10] ••• Damage dealt: 48 to Ro Bad (dt-Mablak)
[00:09:11.10] ••• Ro Bad (dt-Mablak) starts turn
[00:09:15.62] [titaaa] nah
[00:09:23.12] [NNN`Tade] bah,horrible today
[00:09:27.24] [titaaa] =.....=
[00:09:40.00] ••• Ro Bad (dt-Mablak) fires Air Strike
[00:09:43.48] ••• Ro Bad (dt-Mablak) ends turn; time used: 23.90 sec turn, 3.00 sec retreat
[00:09:49.58] ••• Damage dealt: 62 to Croatia (NNN`Tade)
[00:09:49.58] ••• Croatia (NNN`Tade) starts turn
[00:10:00.16] ••• Croatia (NNN`Tade) fires Jet Pack
[00:10:23.32] ••• Croatia (NNN`Tade) fires Dynamite
[00:10:28.32] ••• Croatia (NNN`Tade) used 30 (17) units of Jet Pack fuel
[00:10:28.34] ••• Croatia (NNN`Tade) ends turn; time used: 28.32 sec turn, 5.00 sec retreat
[00:10:33.30] [chuvash] nice
[00:10:36.04] [dt-Mablak] gj
[00:10:41.98] [NNN`Tade] t
[00:10:45.78] ••• Damage dealt: 100 (1 kill) to Ro Bad (dt-Mablak), 8 to Croatia (NNN`Tade)
[00:10:45.78] ••• Ro Bad (dt-Mablak) starts turn
[00:10:46.38] [NNN`Kayz`Kf] still huge respect for going for mine there, I would never dare try that in CWT 
[00:10:49.60] [NNN`Kayz`Kf] :D
[00:10:57.50] ••• Ro Bad (dt-Mablak) fires Shotgun
[00:11:09.88] [NNN`Kayz`Kf] looked so deep under that tree
[00:11:30.10] ••• Ro Bad (dt-Mablak) fires Shotgun
[00:11:34.26] ••• Ro Bad (dt-Mablak) ends turn; time used: 38.74 sec turn, 3.00 sec retreat
[00:11:40.36] ••• Damage dealt: 25 to Croatia (NNN`Tade)
[00:11:40.36] ••• Croatia (NNN`Tade) starts turn
[00:12:12.96] ••• Croatia (NNN`Tade) fires Girder
[00:12:16.04] ••• Croatia (NNN`Tade) ends turn; time used: 27.60 sec turn, 3.00 sec retreat
[00:12:20.14] ••• Ro Bad (dt-Mablak) starts turn
[00:12:45.52] ••• Ro Bad (dt-Mablak) fires Napalm Strike
[00:12:49.00] ••• Ro Bad (dt-Mablak) ends turn; time used: 20.38 sec turn, 3.00 sec retreat
[00:12:54.52] [NNN`Tade] alive
[00:13:03.26] [dt-Mablak] >_>
[00:13:06.96] ••• Damage dealt: 41 (1 kill) to Croatia (NNN`Tade)
[00:13:06.96] ••• Croatia (NNN`Tade) starts turn
[00:13:25.76] ••• Croatia (NNN`Tade) uses Parachute
[00:13:52.50] ••• Croatia (NNN`Tade) fires Mine
[00:13:57.68] ••• Croatia (NNN`Tade) ends turn; time used: 42.76 sec turn, 5.00 sec retreat
[00:14:03.96] [NNN`Tade] ah, fu
[00:14:07.14] [titaaa] xd
[00:14:07.56] ••• Damage dealt: 48 to Ro Bad (dt-Mablak)
[00:14:07.56] ••• Ro Bad (dt-Mablak) starts turn
[00:14:08.92] [dt-Mablak] nuts
[00:14:21.70] ••• Ro Bad (dt-Mablak) fires Ninja Rope
[00:14:37.02] ••• Ro Bad (dt-Mablak) uses Parachute
[00:14:56.02] ••• Ro Bad (dt-Mablak) fires Shotgun
[00:15:02.38] ••• Ro Bad (dt-Mablak) fires Shotgun
[00:15:06.54] ••• Ro Bad (dt-Mablak) ends turn; time used: 44.82 sec turn, 3.00 sec retreat
[00:15:11.54] ••• Damage dealt: 17 to Ro Bad (dt-Mablak), 23 to Croatia (NNN`Tade)
[00:15:11.54] ••• Croatia (NNN`Tade) starts turn
[00:15:26.82] ••• Croatia (NNN`Tade) fires Ninja Rope
[00:15:46.54] ••• Croatia (NNN`Tade) fires Mad Cow (herd of 2)
[00:15:51.86] [titaaa] 49
[00:15:52.54] ••• Croatia (NNN`Tade) ends turn; time used: 29.74 sec turn, 5.00 sec retreat
[00:15:57.62] [titaaa] 41*
[00:16:02.04] ••• Damage dealt: 56 (1 kill) to Ro Bad (dt-Mablak), 10 to Croatia (NNN`Tade)
[00:16:02.04] ••• Ro Bad (dt-Mablak) starts turn
[00:16:32.16] ••• Ro Bad (dt-Mablak) fires Ninja Rope
[00:16:51.48] ••• Ro Bad (dt-Mablak) fires Mine
[00:16:56.66] ••• Ro Bad (dt-Mablak) ends turn; time used: 44.12 sec turn, 5.00 sec retreat
[00:17:06.70] [NNN`Tade] mablak
[00:17:07.96] ••• Damage dealt: 100 (1 kill) to Croatia (NNN`Tade)
[00:17:07.96] ••• Croatia (NNN`Tade) starts turn
[00:17:20.10] [titaaa] yes, mablak
[00:17:22.36] [NNN`Tade] gg and gl in semis.
[00:17:34.44] ••• Croatia (NNN`Tade) fires Surrender
[00:17:34.46] ••• Croatia (NNN`Tade) ends turn; time used: 21.48 sec turn, 0.00 sec retreat
[00:17:34.90] [chuvash] gg
[00:17:36.84] [Psykologi] gg
[00:17:37.78] *** Round Finish acknowledged by NNN`Tade
[00:17:38.02] [NNN`Kayz`Kf] gg
[00:17:38.08] [dt-Mablak] :<
[00:17:39.82] *** Round Finish acknowledged by chuvash
[00:17:39.84] ••• Game Ends - Round Finished
[00:17:39.84] *** Round Finish acknowledged by dt-Mablak
[00:17:40.00] *** Round Finish acknowledged by Psykologi
[00:17:40.00] [titaaa] gg
[00:17:40.00] *** Round Finish acknowledged by NNN`Kayz`Kf
[00:17:40.26] *** Round Finish acknowledged by titaaa
[00:17:40.28] [dt-Mablak] gg

Round time with <v3.6.31.1 would be: 00:17:30.00 (9.84 s less)

Team time totals:
Ro Bad (dt-Mablak): Turn: 00:06:24.96, Retreat: 00:00:36.00, Total: 00:07:00.96, Turn count: 10
Croatia (NNN`Tade): Turn: 00:05:38.92, Retreat: 00:00:32.02, Total: 00:06:10.94, Turn count: 10

Total Jet Pack fuel used: 57

End of round 3

Round time: 0:17:39
Total game time elapsed: Unknown

Ro Bad wins the match!

Worm of the round: Yozzle the Whip (Ro Bad)

